BL51 BANKED LINKER/LOCATER V6.22                                                        10/30/2016  15:46:58  PAGE 1


BL51 BANKED LINKER/LOCATER V6.22, INVOKED BY:
C:\KEIL\C51\BIN\BL51.EXE STARTUP.obj, .\lcd1602.obj, main.obj TO 1602test RAMSIZE (256)


MEMORY MODEL: SMALL


INPUT MODULES INCLUDED:
  STARTUP.obj (?C_STARTUP)
  .\lcd1602.obj (LCD1602)
  main.obj (MAIN)
  C:\KEIL\C51\LIB\C51S.LIB (?C?COPY)
  C:\KEIL\C51\LIB\C51S.LIB (?C?CLDPTR)


LINK MAP OF MODULE:  1602test (?C_STARTUP)


            TYPE    BASE      LENGTH    RELOCATION   SEGMENT NAME
            -----------------------------------------------------

            * * * * * * *   D A T A   M E M O R Y   * * * * * * *
            REG     0000H     0008H     ABSOLUTE     "REG BANK 0"
                    0008H     0018H                  *** GAP ***
            BIT     0020H.0   0000H.1   UNIT         _BIT_GROUP_
                    0020H.1   0000H.7                *** GAP ***
            DATA    0021H     0019H     UNIT         _DATA_GROUP_
            IDATA   003AH     0001H     UNIT         ?STACK

            * * * * * * *   C O D E   M E M O R Y   * * * * * * *
            CODE    0000H     0003H     ABSOLUTE     
            CODE    0003H     010FH     UNIT         ?C?LIB_CODE
            CODE    0112H     0047H     UNIT         ?PR?MAIN?MAIN
            CODE    0159H     0035H     UNIT         ?PR?_DELAY1MS?LCD1602
            CODE    018EH     0029H     UNIT         ?PR?SHOW_LINE?LCD1602
            CODE    01B7H     001EH     UNIT         ?PR?LCD1602_INIT?LCD1602
            CODE    01D5H     0016H     UNIT         ?CO?MAIN
            CODE    01EBH     000CH     UNIT         ?C_C51STARTUP
            CODE    01F7H     0008H     UNIT         ?PR?_LCD1602_WRITECOMMAND?LCD1602
            CODE    01FFH     0008H     UNIT         ?PR?_LCD1602_WRITEDATA?LCD1602



OVERLAY MAP OF MODULE:   1602test (?C_STARTUP)


SEGMENT                                      BIT_GROUP          DATA_GROUP 
  +--> CALLED SEGMENT                     START    LENGTH     START    LENGTH
-----------------------------------------------------------------------------
?C_C51STARTUP                             -----    -----      -----    -----
  +--> ?PR?MAIN?MAIN

?PR?MAIN?MAIN                             -----    -----      0021H    0016H
  +--> ?CO?MAIN
  +--> ?PR?LCD1602_INIT?LCD1602
  +--> ?PR?SHOW_LINE?LCD1602

?PR?LCD1602_INIT?LCD1602                  -----    -----      -----    -----
BL51 BANKED LINKER/LOCATER V6.22                                                      10/30/2016  15:46:58  PAGE 2


  +--> ?PR?_LCD1602_WRITECOMMAND?LCD1602

?PR?_LCD1602_WRITECOMMAND?LCD1602         -----    -----      -----    -----
  +--> ?PR?_DELAY1MS?LCD1602

?PR?SHOW_LINE?LCD1602                     0020H.0  0000H.1    0037H    0003H
  +--> ?PR?_LCD1602_WRITECOMMAND?LCD1602
  +--> ?PR?_LCD1602_WRITEDATA?LCD1602

?PR?_LCD1602_WRITEDATA?LCD1602            -----    -----      -----    -----
  +--> ?PR?_DELAY1MS?LCD1602



SYMBOL TABLE OF MODULE:  1602test (?C_STARTUP)

  VALUE           TYPE          NAME
  ----------------------------------

  -------         MODULE        ?C_STARTUP
  C:01EBH         SEGMENT       ?C_C51STARTUP
  I:003AH         SEGMENT       ?STACK
  C:0000H         PUBLIC        ?C_STARTUP
  D:00E0H         SYMBOL        ACC
  D:00F0H         SYMBOL        B
  D:0083H         SYMBOL        DPH
  D:0082H         SYMBOL        DPL
  N:0000H         SYMBOL        IBPSTACK
  N:0100H         SYMBOL        IBPSTACKTOP
  N:0080H         SYMBOL        IDATALEN
  C:01EEH         SYMBOL        IDATALOOP
  N:0000H         SYMBOL        PBPSTACK
  N:0100H         SYMBOL        PBPSTACKTOP
  N:0000H         SYMBOL        PDATALEN
  N:0000H         SYMBOL        PDATASTART
  N:0000H         SYMBOL        PPAGE
  N:0000H         SYMBOL        PPAGEENABLE
  D:00A0H         SYMBOL        PPAGE_SFR
  D:0081H         SYMBOL        SP
  C:01EBH         SYMBOL        STARTUP1
  N:0000H         SYMBOL        XBPSTACK
  N:0000H         SYMBOL        XBPSTACKTOP
  N:0000H         SYMBOL        XDATALEN
  N:0000H         SYMBOL        XDATASTART
  C:0000H         LINE#         126
  C:01EBH         LINE#         133
  C:01EDH         LINE#         134
  C:01EEH         LINE#         135
  C:01EFH         LINE#         136
  C:01F1H         LINE#         185
  C:01F4H         LINE#         196
  -------         ENDMOD        ?C_STARTUP

  -------         MODULE        LCD1602
  C:0000H         SYMBOL        _ICE_DUMMY_
  D:0080H         PUBLIC        P0
  D:00A0H         PUBLIC        P2
BL51 BANKED LINKER/LOCATER V6.22                                                      10/30/2016  15:46:58  PAGE 3


  C:01B7H         PUBLIC        lcd1602_init
  B:0080H.7       PUBLIC        LCD1602_RS
  C:016CH         PUBLIC        _delay1ms
  B:0080H.6       PUBLIC        LCD1602_RW
  C:01FFH         PUBLIC        _lcd1602_writedata
  B:0080H.5       PUBLIC        LCD1602_E
  C:018EH         PUBLIC        show_line
  C:01F7H         PUBLIC        _lcd1602_writecommand
  -------         PROC          L?0023
  -------         ENDPROC       L?0023
  -------         PROC          _DELAY1MS
  D:0006H         SYMBOL        t
  -------         DO            
  D:0005H         SYMBOL        a
  D:0004H         SYMBOL        b
  D:0003H         SYMBOL        c
  -------         ENDDO         
  C:016CH         LINE#         7
  C:016CH         LINE#         8
  C:016CH         LINE#         9
  C:016FH         LINE#         10
  C:017AH         LINE#         11
  C:017AH         LINE#         12
  C:0182H         LINE#         13
  C:0184H         LINE#         14
  C:018DH         LINE#         15
  C:018DH         LINE#         16
  -------         ENDPROC       _DELAY1MS
  -------         PROC          _LCD1602_WRITECOMMAND
  D:0007H         SYMBOL        Wcommand
  C:01F7H         LINE#         18
  C:01F7H         LINE#         19
  C:01F7H         LINE#         20
  C:01F9H         LINE#         21
  C:01F9H         LINE#         22
  C:01F9H         LINE#         23
  C:01F9H         LINE#         24
  C:01F9H         LINE#         25
  C:01F9H         LINE#         26
  C:01FCH         LINE#         27
  C:01FEH         LINE#         28
  -------         ENDPROC       _LCD1602_WRITECOMMAND
  -------         PROC          _LCD1602_WRITEDATA
  D:0007H         SYMBOL        Wdata
  C:01FFH         LINE#         30
  C:01FFH         LINE#         31
  C:01FFH         LINE#         32
  C:0201H         LINE#         33
  C:0201H         LINE#         34
  C:0201H         LINE#         35
  C:0201H         LINE#         36
  C:0201H         LINE#         37
  C:0201H         LINE#         38
  C:0204H         LINE#         39
  C:0206H         LINE#         40
  -------         ENDPROC       _LCD1602_WRITEDATA
  -------         PROC          LCD1602_INIT
BL51 BANKED LINKER/LOCATER V6.22                                                      10/30/2016  15:46:58  PAGE 4


  C:01B7H         LINE#         42
  C:01B7H         LINE#         43
  C:01B7H         LINE#         44
  C:01BCH         LINE#         45
  C:01C1H         LINE#         46
  C:01C6H         LINE#         47
  C:01CBH         LINE#         48
  C:01D0H         LINE#         49
  -------         ENDPROC       LCD1602_INIT
  -------         PROC          SHOW_LINE
  B:0020H.0       SYMBOL        line
  D:0037H         SYMBOL        str
  C:018EH         LINE#         53
  C:018EH         LINE#         54
  C:018EH         LINE#         55
  C:0191H         LINE#         56
  C:0195H         LINE#         58
  C:019AH         LINE#         59
  C:01A6H         LINE#         60
  C:01A6H         LINE#         61
  C:01A9H         LINE#         62
  C:01B4H         LINE#         63
  C:01B6H         LINE#         64
  -------         ENDPROC       SHOW_LINE
  -------         ENDMOD        LCD1602

  -------         MODULE        MAIN
  C:0000H         SYMBOL        _ICE_DUMMY_
  D:0080H         PUBLIC        P0
  C:0112H         PUBLIC        main
  C:01D5H         SYMBOL        _?ix1000
  C:01E0H         SYMBOL        _?ix1001
  -------         PROC          MAIN
  -------         DO            
  D:0021H         SYMBOL        str1
  D:002CH         SYMBOL        str2
  -------         ENDDO         
  C:0112H         LINE#         4
  C:0112H         LINE#         5
  C:0112H         LINE#         6
  C:0125H         LINE#         7
  C:0138H         LINE#         8
  C:013BH         LINE#         9
  C:013BH         LINE#         10
  C:013BH         LINE#         11
  C:0149H         LINE#         12
  C:0157H         LINE#         13
  -------         ENDPROC       MAIN
  -------         ENDMOD        MAIN

  -------         MODULE        ?C?COPY
  C:00D3H         PUBLIC        ?C?COPY
  -------         ENDMOD        ?C?COPY

  -------         MODULE        ?C?CLDPTR
  C:00F9H         PUBLIC        ?C?CLDPTR
  -------         ENDMOD        ?C?CLDPTR
BL51 BANKED LINKER/LOCATER V6.22                                                      10/30/2016  15:46:58  PAGE 5



Program Size: data=34.1 xdata=0 code=519
LINK/LOCATE RUN COMPLETE.  0 WARNING(S),  0 ERROR(S)
